\BOOKMARK [1][-]{section.1}{\376\377\137\025\212\000}{}% 1
\BOOKMARK [1][-]{section.2}{\376\377\166\370\121\163\142\200\147\057\116\016\225\356\230\230\122\006\147\220}{}% 2
\BOOKMARK [2][-]{subsection.2.1}{\376\377\000A\000n\000d\000r\000o\000i\000d\000\040\141\037\167\345\145\160\143\156\220\032\215\357}{section.2}% 3
\BOOKMARK [2][-]{subsection.2.2}{\376\377\123\125\116\000\117\115\177\156\117\356\145\071\166\204\116\015\215\263}{section.2}% 4
\BOOKMARK [2][-]{subsection.2.3}{\376\377\135\345\172\013\176\246\147\137}{section.2}% 5
\BOOKMARK [1][-]{section.3}{\376\377\174\373\176\337\140\073\117\123\147\266\147\204\213\276\213\241}{}% 6
\BOOKMARK [2][-]{subsection.3.1}{\376\377\162\266\140\001\116\016\145\160\143\156\155\101}{section.3}% 7
\BOOKMARK [2][-]{subsection.3.2}{\376\377\162\110\147\054\000\040\000P\000r\000o\000f\000i\000l\000e}{section.3}% 8
\BOOKMARK [1][-]{section.4}{\376\377\150\070\137\303\173\227\154\325\213\276\213\241}{}% 9
\BOOKMARK [2][-]{subsection.4.1}{\376\377\206\132\142\337\217\150\217\371\152\041\127\213}{section.4}% 10
\BOOKMARK [2][-]{subsection.4.2}{\376\377\000G\000N\000S\000S\000\040\123\153\146\037\162\266\140\001\152\041\127\213}{section.4}% 11
\BOOKMARK [2][-]{subsection.4.3}{\376\377\000L\000L\000A\060\001\000E\000C\000E\000F\000\040\116\016\000\040\000E\000N\000U}{section.4}% 12
\BOOKMARK [2][-]{subsection.4.4}{\376\377\000C\000/\000N\0000\000\040\117\341\123\367\152\041\127\213}{section.4}% 13
\BOOKMARK [2][-]{subsection.4.5}{\376\377\176\337\116\000\217\320\122\250\116\016\117\040\141\037\126\150\152\041\127\213}{section.4}% 14
\BOOKMARK [1][-]{section.5}{\376\377\000A\000n\000d\000r\000o\000i\000d\000\040\133\236\163\260\145\271\154\325}{}% 15
\BOOKMARK [2][-]{subsection.5.1}{\376\377\000L\000o\000c\000a\000t\000i\000o\000n\000\040\116\016\000\040\000G\000N\000S\000S\000\040\220\002\221\115}{section.5}% 16
\BOOKMARK [2][-]{subsection.5.2}{\376\377\000C\000e\000l\000l\000u\000l\000a\000r\000\040\116\016\000\040\000S\000I\000M}{section.5}% 17
\BOOKMARK [2][-]{subsection.5.3}{\376\377\000W\000i\000F\000i\000\040\116\016\000\040\000B\000l\000u\000e\000t\000o\000o\000t\000h}{section.5}% 18
\BOOKMARK [2][-]{subsection.5.4}{\376\377\000S\000e\000n\000s\000o\000r\000\040\000N\000a\000t\000i\000v\000e\000\040\220\002\221\115}{section.5}% 19
\BOOKMARK [1][-]{section.6}{\376\377\133\236\232\214\116\016\176\323\147\234}{}% 20
\BOOKMARK [2][-]{subsection.6.1}{\376\377\133\236\232\214\145\271\154\325}{section.6}% 21
\BOOKMARK [2][-]{subsection.6.2}{\376\377\156\220\170\001\116\016\227\131\140\001\213\301\143\156}{section.6}% 22
\BOOKMARK [2][-]{subsection.6.3}{\376\377\135\362\147\011\217\320\210\114\145\366\176\323\213\272}{section.6}% 23
\BOOKMARK [2][-]{subsection.6.4}{\376\377\121\174\133\271\140\047\176\323\213\272}{section.6}% 24
\BOOKMARK [1][-]{section.7}{\376\377\213\250\213\272\116\016\226\120\122\066}{}% 25
\BOOKMARK [2][-]{subsection.7.1}{\376\377\217\157\116\366\134\102\217\271\165\114}{section.7}% 26
\BOOKMARK [2][-]{subsection.7.2}{\376\377\123\202\125\106\000\040\000R\000O\000M\000\040\135\356\137\002}{section.7}% 27
\BOOKMARK [2][-]{subsection.7.3}{\376\377\145\160\143\156\116\000\201\364\140\047\116\016\123\357\211\302\155\113\140\047}{section.7}% 28
\BOOKMARK [2][-]{subsection.7.4}{\376\377\124\016\176\355\145\271\124\021}{section.7}% 29
\BOOKMARK [1][-]{section.8}{\376\377\140\073\176\323}{}% 30
